// Jest Snapshot v1, https://goo.gl/fbAQLP

exports[`<Text /> should render and match the snapshot 1`] = `
.c0 {
  white-space: pre-line;
}

<body>
  <div>
    <span
      class="c0"
      data-testid="text"
    >
      default
    </span>
  </div>
</body>
`;
